../Core/Src/main.c:95:5:main	8	static
../Core/Src/main.c:144:6:SystemClock_Config	112	static
../Core/Src/main.c:190:13:MX_CAN_Init	8	static
../Core/Src/main.c:227:13:MX_TIM2_Init	32	static
../Core/Src/main.c:272:13:MX_TIM3_Init	32	static
../Core/Src/main.c:317:13:MX_USART1_UART_Init	8	static
../Core/Src/main.c:352:13:MX_GPIO_Init	56	static
../Core/Src/main.c:439:6:automate	16	static
../Core/Src/main.c:471:6:HAL_TIM_PeriodElapsedCallback	16	static
../Core/Src/main.c:477:6:rotate	16	static
../Core/Src/main.c:507:6:Motor_Handling	8	static
../Core/Src/main.c:529:6:setStepperSens	24	static
../Core/Src/main.c:535:6:setStepperOnOff	24	static
../Core/Src/main.c:547:6:Error_Handler	8	static,ignoring_inline_asm
