../Core/Src/main.c:75:5:main	8	static
../Core/Src/main.c:122:6:SystemClock_Config	88	static
../Core/Src/main.c:160:13:MX_TIM2_Init	32	static
../Core/Src/main.c:205:13:MX_TIM3_Init	32	static
../Core/Src/main.c:250:13:MX_GPIO_Init	56	static
../Core/Src/main.c:300:6:automate	16	static
../Core/Src/main.c:332:6:HAL_TIM_PeriodElapsedCallback	16	static
../Core/Src/main.c:338:6:stepper7	16	static
../Core/Src/main.c:374:6:stepper6	16	static
../Core/Src/main.c:410:6:stepper5	16	static
../Core/Src/main.c:414:6:stepper4	16	static
../Core/Src/main.c:418:6:stepper3	16	static
../Core/Src/main.c:422:6:stepper2	16	static
../Core/Src/main.c:426:6:stepper1	16	static
../Core/Src/main.c:430:6:stepper0	16	static
../Core/Src/main.c:434:6:Motor_Handling	8	static
../Core/Src/main.c:483:6:setStepperSens	24	static
../Core/Src/main.c:489:6:setStepperOnOff	24	static
../Core/Src/main.c:501:6:Error_Handler	8	static,ignoring_inline_asm
